<html>
<body>
<pre>
<h1>µVision Build Log</h1>
<h2>Project:</h2>
C:\ARAVIND KESAV\MPMC PRACTICALS\DAC-1\DAC.uvproj
Project File Date:  11/14/2025

<h2>Output:</h2>
Build target 'Target 1'
compiling dac.c...
dac.c(5): warning:  #951-D: return type of function "main" must be "int"
  void main(void)
dac.c(22): warning:  #1-D: last line of file ends without a newline
  }
dac.c: 2 warnings, 0 errors
linking...
Program Size: Code=516 RO-data=16 RW-data=0 ZI-data=1256  
FromELF: creating hex file...
".\DAC.axf" - 0 Error(s), 2 Warning(s).
</pre>
</body>
</html>
ined symbol InitializeDAC (referred from dac.o).
Not enough information to list image symbols.
Finished: 1 information, 0 warning and 1 error messages.
".\DAC.axf" - 1 Error(s), 3 Warning(s).
Target not created
